<?xml version="1.0" encoding="UTF-8"?>
<TestRun id="f6fd6931-70f0-4b72-87ec-bb717ff86a5f" name="RANGELBA@RANGELBA-PC 2013-06-26 22:00:04" runUser="RANGELBA-PC\RANGELBA" xmlns="http://microsoft.com/schemas/VisualStudio/TeamTest/2010">
  <TestSettings name="Local" id="4226534b-4c86-438a-82d7-57376a47f8bd">
    <Description>These are default test settings for a local test run.</Description>
    <Deployment enabled="false" runDeploymentRoot="RANGELBA_RANGELBA-PC 2013-06-26 22_00_04" />
    <Execution>
      <TestTypeSpecific />
      <AgentRule name="Execution Agents">
      </AgentRule>
    </Execution>
  </TestSettings>
  <Times creation="2013-06-26T22:00:04.1726612-05:00" queuing="2013-06-26T22:00:04.6796902-05:00" start="2013-06-26T22:00:04.7306932-05:00" finish="2013-06-26T22:00:13.5891998-05:00" />
  <ResultSummary outcome="Completed">
    <Counters total="1" executed="1" passed="1" error="0" failed="0" timeout="0" aborted="0" inconclusive="0" passedButRunAborted="0" notRunnable="0" notExecuted="0" disconnected="0" warning="0" completed="0" inProgress="0" pending="0" />
  </ResultSummary>
  <TestDefinitions>
    <UnitTest name="LoadKara" storage="e:\datos\projectos wpf\testkara\testkara\bin\debug\testkara.dll" id="c26c0a66-32a9-3aa9-df9b-2a33f27ad590">
      <Execution id="11647055-06d6-4632-bfe3-63f3401d4b19" />
      <TestMethod codeBase="E:/Datos/Projectos WPF/TestKara/TestKara/bin/Debug/TestKara.DLL" adapterTypeName="Microsoft.VisualStudio.TestTools.TestTypes.Unit.UnitTestAdapter, Microsoft.VisualStudio.QualityTools.Tips.UnitTest.Adapter, Version=10.0.0.0, Culture=neutral, PublicKeyToken=b03f5f7f11d50a3a" className="TestKara.Kara, TestKara, Version=1.0.0.0, Culture=neutral, PublicKeyToken=null" name="LoadKara" />
      <Extension>Microsoft.VisualStudio.TestTools.UITesting.CodedUITestAttribute, Microsoft.VisualStudio.QualityTools.CodedUITestFramework, Version=10.0.0.0, Culture=neutral, PublicKeyToken=b03f5f7f11d50a3a</Extension>
    </UnitTest>
  </TestDefinitions>
  <TestLists>
    <TestList name="Results Not in a List" id="8c84fa94-04c1-424b-9868-57a2d4851a1d" />
    <TestList name="All Loaded Results" id="19431567-8539-422a-85d7-44ee4e166bda" />
  </TestLists>
  <TestEntries>
    <TestEntry testId="c26c0a66-32a9-3aa9-df9b-2a33f27ad590" executionId="11647055-06d6-4632-bfe3-63f3401d4b19" testListId="8c84fa94-04c1-424b-9868-57a2d4851a1d" />
  </TestEntries>
  <Results>
    <UnitTestResult executionId="11647055-06d6-4632-bfe3-63f3401d4b19" testId="c26c0a66-32a9-3aa9-df9b-2a33f27ad590" testName="LoadKara" computerName="RANGELBA-PC" duration="00:00:08.3173383" startTime="2013-06-26T22:00:04.7536945-05:00" endTime="2013-06-26T22:00:13.5061951-05:00" testType="13cdc9d9-ddb5-4fa4-a97d-d965ccfc6d4b" outcome="Passed" testListId="8c84fa94-04c1-424b-9868-57a2d4851a1d" relativeResultsDirectory="11647055-06d6-4632-bfe3-63f3401d4b19">
      <Output>
        <DebugTrace>W, 9204, 14, 2013/06/26, 22:00:05.477, 319772405815, QTAgent32.exe, &lt;a class=success&gt;Playback - {1} [SUCCESS] TypeString "#(R)"
\0&lt;/a&gt;
E, 9204, 14, 2013/06/26, 22:00:05.801, 319773247312, QTAgent32.exe, Exception: System.ArgumentException
	Message: Value does not fall within the expected range.
	Stack Trace:    at Accessibility.IAccessible.get_accRole(Object varChild)
   at Microsoft.VisualStudio.TestTools.UITest.Extension.Msaa.AccWrapper.get_RoleInt()
	BaseExceptionMessage: Value does not fall within the expected range.

E, 9204, 14, 2013/06/26, 22:00:05.823, 319773303083, QTAgent32.exe, Exception: System.ArgumentException
	Message: Value does not fall within the expected range.
	Stack Trace:    at Accessibility.IAccessible.get_accRole(Object varChild)
   at Microsoft.VisualStudio.TestTools.UITest.Extension.Msaa.AccWrapper.get_RoleInt()
	BaseExceptionMessage: Value does not fall within the expected range.

W, 9204, 14, 2013/06/26, 22:00:06.863, 319776005649, QTAgent32.exe, &lt;a class=success&gt;Playback - {2} [SUCCESS] LeftButtonClick  &lt; Mouse cursor location (87, 619) &gt;
\0&lt;/a&gt;
W, 9204, 14, 2013/06/26, 22:00:08.940, 319781402464, QTAgent32.exe, &lt;a class=success&gt;Playback - {3} [SUCCESS] SetValueAsEditBox "E:\Datos\Projectos WPF\Karatsuba\Karatsuba\bin\Debug"  &lt; Set via SendKeys &gt;
\0&lt;/a&gt;
W, 9204, 14, 2013/06/26, 22:00:08.940, 319781403216, QTAgent32.exe, &lt;a class=success&gt;Playback - {4} [SUCCESS] SetValueAsComboBox "E:\Datos\Projectos WPF\Karatsuba\Karatsuba\bin\Debug" - "[MSAA, VisibleOnly]ControlType='ComboBox' &amp;&amp; Name='Open:'"  &lt; Set via SetValueAsEditBox &gt;
\0&lt;/a&gt;
W, 9204, 14, 2013/06/26, 22:00:09.961, 319784055484, QTAgent32.exe, &lt;a class=success&gt;Playback - {5} [SUCCESS] SendKeys "{Enter}" - "[MSAA, VisibleOnly]ControlType='Edit' &amp;&amp; Name='Open:'"
\0&lt;/a&gt;
W, 9204, 14, 2013/06/26, 22:00:10.554, 319785593523, QTAgent32.exe, &lt;a class=success&gt;Playback - {6} [SUCCESS] DoubleClick - "[MSAA, VisibleOnly]ControlType='Edit' &amp;&amp; Name='Name'"  &lt; Mouse cursor location (403, 140) &gt;
\0&lt;/a&gt;
W, 9204, 14, 2013/06/26, 22:00:11.450, 319787922483, QTAgent32.exe, &lt;a class=success&gt;Playback - {7} [SUCCESS] SendKeys "^{HOME}" - "[UIA]ControlType='Edit' &amp;&amp; AutomationId='Multiplicando'"
\0&lt;/a&gt;
E, 9204, 14, 2013/06/26, 22:00:11.452, 319787928115, QTAgent32.exe, Msaa.GetFocusedElement: could not find accessible object of foreground window
W, 9204, 14, 2013/06/26, 22:00:11.534, 319788140514, QTAgent32.exe, &lt;a class=success&gt;Playback - {8} [SUCCESS] SendKeys "^+{END}" - "[UIA]ControlType='Edit' &amp;&amp; AutomationId='Multiplicando'"
\0&lt;/a&gt;
E, 9204, 14, 2013/06/26, 22:00:11.534, 319788141078, QTAgent32.exe, Msaa.GetFocusedElement: could not find accessible object of foreground window
W, 9204, 14, 2013/06/26, 22:00:11.565, 319788219288, QTAgent32.exe, &lt;a class=success&gt;Playback - {9} [SUCCESS] SendKeys "{DELETE}" - "[UIA]ControlType='Edit' &amp;&amp; AutomationId='Multiplicando'"
\0&lt;/a&gt;
W, 9204, 14, 2013/06/26, 22:00:11.952, 319789224983, QTAgent32.exe, &lt;a class=success&gt;Playback - {10} [SUCCESS] SetValueAsEditBox "1234" - "[UIA]ControlType='Edit' &amp;&amp; AutomationId='Multiplicando'"  &lt; Set via SendKeys &gt;
\0&lt;/a&gt;
W, 9204, 14, 2013/06/26, 22:00:12.469, 319790569461, QTAgent32.exe, &lt;a class=success&gt;Playback - {11} [SUCCESS] SendKeys "^{HOME}" - "[UIA]ControlType='Edit' &amp;&amp; AutomationId='Multiplicador'"
\0&lt;/a&gt;
E, 9204, 14, 2013/06/26, 22:00:12.469, 319790569993, QTAgent32.exe, Msaa.GetFocusedElement: could not find accessible object of foreground window
W, 9204, 14, 2013/06/26, 22:00:12.545, 319790767641, QTAgent32.exe, &lt;a class=success&gt;Playback - {12} [SUCCESS] SendKeys "^+{END}" - "[UIA]ControlType='Edit' &amp;&amp; AutomationId='Multiplicador'"
\0&lt;/a&gt;
E, 9204, 14, 2013/06/26, 22:00:12.545, 319790768127, QTAgent32.exe, Msaa.GetFocusedElement: could not find accessible object of foreground window
W, 9204, 14, 2013/06/26, 22:00:12.594, 319790893542, QTAgent32.exe, &lt;a class=success&gt;Playback - {13} [SUCCESS] SendKeys "{DELETE}" - "[UIA]ControlType='Edit' &amp;&amp; AutomationId='Multiplicador'"
\0&lt;/a&gt;
W, 9204, 14, 2013/06/26, 22:00:12.990, 319791923875, QTAgent32.exe, &lt;a class=success&gt;Playback - {14} [SUCCESS] SetValueAsEditBox "5678" - "[UIA]ControlType='Edit' &amp;&amp; AutomationId='Multiplicador'"  &lt; Set via SendKeys &gt;
\0&lt;/a&gt;
W, 9204, 14, 2013/06/26, 22:00:13.348, 319792852742, QTAgent32.exe, &lt;a class=success&gt;Playback - {15} [SUCCESS] MouseButtonClick - "[UIA]ControlType='Button' &amp;&amp; Name='Calcular'"
\0&lt;/a&gt;
W, 9204, 14, 2013/06/26, 22:00:13.478, 319793190465, QTAgent32.exe, IEDOM : StopSession of the plugin called before StartSession
W, 9204, 14, 2013/06/26, 22:00:13.478, 319793191018, QTAgent32.exe, UIA : StopSession of the plugin called before StartSession
</DebugTrace>
      </Output>
    </UnitTestResult>
  </Results>
</TestRun>